// Jest Snapshot v1, https://goo.gl/fbAQLP

exports[`Pruevas en <AddCategory /> debe de mostrase correctamete 1`] = `
<form
  onSubmit={[Function]}
>
  <p>
    <Component />
  </p>
  <input
    onChange={[Function]}
    type="text"
    value=""
  />
</form>
`;
