// Jest Snapshot v1, https://goo.gl/fbAQLP

exports[`Pruevas en <GifGriditem /> debe retornar componentes correctamente 1`] = `
<div
  className="card animate__animated animate__fadeIn"
>
  <img
    alt="un titulo"
    src="https://logalhost/algo.gif"
  />
  <p>
    un titulo
  </p>
</div>
`;
